00000000  07 38 07 38                                       |.8.8|
00000004
