00000000  03 05 03 05                                       |....|
00000004
